[  0.000000] Iitlizin cgrupubsys cpse
   0.0000] itializig roup susycpu   0.000]Initalin cgroup subsys cpuacct[   0.000000] Liux vsin 4.4-1-generic(bldd@lgw01-amd64-010) (gcc version 5.4.200609 (Ubuntu 5.0-6ubuntu11604.5 )135-Ubunu SMP riJa 19 11:436TC 2018 (Untu 4..011135-nec 4.4.8)
[    0.000] Comanlie: BOO_IGE=/bo/vlinu4.0-112-genrirot=ID6adc449-53d331-a66e9a75fa4e  cnsole=tycosole=ty
    0.000]KERNEL supprtd cpu:
   000000] Itel GnueInte
  0.0000] AMD thticA
   0.000   CenturentaurHauls
[   0.0000 x/fpu: ste_offset]: 576,ste_sis[:  256
[    00000] 6/fpu: SupportingXSVE feature 0x1: '87lotingpontegisters
[    0.000000] 86pu: Suppotig XSAV fture 0x2:SSE gisters'
[   00000] 86pu Suppoti XSAVE feature 0x04: 'AV risters'
[    00000 x/fpu Ebld xstate featues0x7, conexsie is 2 tes,si 'stanar frm.[   0.0000] 6/pu: in 'az FU conxt swtche.    0000] e820 BS-roviedhysica R mp:
  0.0000BIOS-e0:[me 0x00000000000000-00000000009fffusble
[    0.00000] IOS-e80:[memx0000000fc0-0x00000009ff] serv
   0.00000] BIOSe820 [m x0000000f000-0000000fffff] rseved
[    000000]BI-e20[m 0x0000000000100000-0x000000007ffeffff] usable
[    0.000000] BIOS-e820: [mem 0x000000007fff0000-0x000000007fffffff] ACPI data
[    0.000000] BIOS-e820: [mem 0x00000000fec00000-0x00000000fec00fff] reserved
[    0.00000 BS-e82 [m 0x0000fee0000x000000e0fff] reerd
[    0.0000 BIOS-e20[mm 0x000000ff0000-0x00000ffffff]rerved
[    0.000000 N(EecuteDibl) protetin:active
[   .0000]MBIO2.present
   0.0000Hypevir etecte: M
[   000000] e20 lastpf= x7fff0 mx_ch_pfn = 00000000
[   0000000] MRRDiabled
[  000000] x86/PAT: MTRRs disabled, kippin P initilitin too.
[    .000] CPMTs all la -virtulid systm.[    00000 x86PA Cnfiguraton0-7]: WB  T C- UC WBWT UC-UC
    0.00000] found S Mtable a [em 0x009ff0x009ffff] mapped at ffff0009ff0][   .0000] Snnng 1 re fr low mmo crruptin[    0.000] AMDSK [m 0x6200-0x311ff
[  0.0000AC: Earltabl cecumverificatondibl
[    00000] ACP: RSDP 0x00000000000E0000 000024 (v02 VBOX  )
[    0.000000] ACPI: XSDT 0x000000007FFF0030 00003C (v01 VBOX   VBOXXSDT 00000001 ASL  00000061)
[    0.000000] ACPI: FACP 0x000000007FFF00F0 0000F4 (v04 VBOX   VBOXFACP 00000001 ASL  00000061)
[    0.000000] ACPI: DST 000000FF480 21 (v0VB   VXBS 000000INL 20008)
[   00000]CP FAC0x000000FF20 00040[    0.00] ACPI: FACS 0x00000007FF0000004
[  0000000] APIAPIC 0x0000007FF02 0006 (02 BO   VOXIC000001SL  00061)   0.00000]CP: SSDT 0x0000007FF00 001C(v1 VB  BOXCPU 000002 INTL20008)
[    0.000] NNU conigaton fun
[   0.000]Fakinga de at [mem0x00000000000-x00000007fffff]
[   000000 NDE_DTA(0) lloat [mem0xffb000-0x7ffeffff]
   000000] kv-cck Usingms 4564d01 andb54d
   0.000000] kv-cck: cpu0, msr 0:ff3001, priarcpu cck
[  0.0000kvclock:sig chedfft of1797596 ycls[    0.00000clcksource:kvclock:ma: 0xffffffffffff max_cyces0xcd424db,max_ie_s: 81590591483 ns
[   0.00] Zoneraes:   0.000   DMA    mem x0000000010-x0000000000ffff]
[  000000]  DM2    [mm x00000001000-0x00000ffeff][   .00000  orma  mpy
[  0000000]   Device   empty[    0.00000] Moab zne stat r each nde[    0000] rlmemory derang
   0.000000]  node   0: me0x00000000100-0x0000000009eff
   0.000   ne 0: [me0x00000001000-0x00007ffff
[   .0000] Inimeseup node 0[mm 0x00000000100-000000feff][    00000] CPI: P-TerIO Port: 04008
[   0.0000] OAC[]:apc_d , version 32, addressxf00000, GSI 03
[   0.0000] PIINT_C_R (bus buirq  globa_iq 2 df dl)
[    0.0000 ACPI:INSR_OVRbu 0 bus_ir 9lobalrq9 ow levl)[    0.000] Using APIMAT) f S congution inormaio
[   0.0000] pboot: Allowng 4PU 0 hotluCPUs[   0.000] M: Registered nosave memory: [mem 0x0000000-0x000fff]
[   0.0000] P: gitered nosave emry: emx0009f00x0009ffff]
[    0.000000] PM: Regstre nosveemry: em0x00a00-x000efff][   .000000] PM: Regstred nosave memry[mem 0000000x00ffff]
[  00000 e20: emx800000xfefff] avaable for PCI devices
[   0.0000 Boting arirualiederneonKV
[   0.000] clksurce:efed-jiffies: mask: 0xffffff max_cycle 0fffffff, mx_dle_ns 745519600256 ns
[    00000 stu_percp: _CUS:512 nr_cpmak_bits:5 nr_cp_i:4nrnoe_s:1
[  0000000]PEPU: Emedd 34ag/cpu ff8007000 s99544r82 d315 u4288
[  0000000]PVspnlock hash table entries: 256 (order: 0, 4096 bytes)
[    0.000000] Built 1 neiss  Nde orermoilitygrpig on. Tol pas:51961
[    0.0000] li zone: DMA3
[   .0000] Kernel command line: BOT_AGE=/boot/vmlinuz-4.4.0-112-generic ot=UID6ac449e3-431-ba6-69a75fa48e ro coso=tty1cool=ttyS0[  0.000 PID hah abe ntries: 406 rder:, 768 yt)
[    .0000]Mery 20292K/09669K aiable (899kenel cod, 09 rwdta 38K rodta158K init 116 bss,67472K rseved, 0 c-rserved)
[   .00000SLB: Hlin=64Orr=0-3, injects=, PU=4 Nodes=1
[   .00000] rnl/Usr getabls isotionenled
[   0000 Hrarchical RCU imlenttion.
  0.000] 	Buld-time ajument of leaf faou to 64.
[    000000] 	RCU resticting PUfrm NR_CUS12 to r_u_ds=4.
[  000000]RC: djustig omtry r u_fanout_ea64, r_u_ds=4[   0.00] NRRQ33024 nr_iqs5616
  0.000000] onle: lo VGA+0x
[    .000] coso [ty ebled
  0.0000 cnsol[tS0] enle
[    0.000000] tsc: Detected 2194.918 MHz processor
[   25.465622] Calibrating delay loop (skipped) preset value.. 4389.83 BogoMIPS (lpj=8779672)
[   25.601092] pid_max: default: 32768 minimum: 301
[   25.682956] ACPI: Core revision 20150930
[   25.763806] ACPI: 2 ACPI AML tables successfully acquired and loaded
[   25.877606] Security Framework initialized
[   25.968883] Yama: becoming mindful.
[   26.051073] AppArmor: AppArmor initialized
[   26.134801] Dentry cache hash table entries: 262144 (order: 9, 2097152 bytes)
[   26.262968] Inode-cache hash table entries: 131072 (order: 8, 1048576 bytes)
[   26.400684] Mount-cache hash table entries: 4096 (order: 3, 32768 bytes)
[   26.476963] Mountpoint-cache hash table entries: 4096 (order: 3, 32768 bytes)
[   26.577701] Initializing cgroup subsys io
[   26.651404] Initializing cgroup subsys memory
[   26.736657] Initializing cgroup subsys devices
[   26.820722] Initializing cgroup subsys freezer
[   26.889650] Initializing cgroup subsys net_cls
[   26.981673] Initializing cgroup subsys perf_event
[   27.055651] Initializing cgroup subsys net_prio
[   27.141228] Initializing cgroup subsys hugetlb
[   27.221832] Initializing cgroup subsys pids
[   27.293087] CPU: Physical Processor ID: 0
[   27.365469] CPU: Processor Core ID: 0
[   27.434370] FEATURE SPEC_CTRL Not Present
[   27.515692] mce: CPU supports 0 MCE banks
[   27.543048] Last level iTLB entries: 4KB 1024, 2MB 1024, 4MB 1024
[   27.629078] Last level dTLB entries: 4KB 1024, 2MB 1024, 4MB 1024, 1GB 4
[   27.725696] Freeing SMP alternatives memory: 32K
[   27.810640] ftrace: allocating 32180 entries in 126 pages
[   27.964350] smpboot: APIC(0) Converting physical 0 to logical package 0
[   28.125128] smpboot: Max logical packages: 1
[   28.222234] x2apic enabled
[   28.291825] Switched APIC routing to physical x2apic.
[   28.386621] ..TIMER: vector=0x30 apic110 pin1=2 apic2=-1 pin2=-1
[   28.637420] smpboot: CPU0: Intel(R) Core(TM) i7-4770HQ CPU @ 2.20GHz (family: 0x6, model: 0x46, stepping: 0x1)
[   28.804441] Performance Events: unsupported p6 CPU model 70 no PMU driver, software events only.
[   28.998895] KVM setup paravirtual spinlock
[   29.081978] x86: Booting SMP configuration:
[   29.161937] .... node  #0, CPUs:      #1
[   29.249540] kvm-clock: cpu 1, msr 0:7ffe3041, secondary cpu clock
[   29.331026] mce: CPU supports 0 MCE banks
[   29.394472]  #2
[   29.421926] kvm-clock: cpu 2, msr 0:7ffe3081, secondary cpu clock
[   29.479730] mce: CPU supports 0 MCE banks
[   29.523303]  #3
[   29.547088] kvm-clock: cpu 3, msr 0:7ffe30c1, secondary cpu clock
[   29.676895] mce: CPU supports 0 MCE banks
[   29.705282] x86: Booted up 1 node, 4 CPUs
[   29.762003] smpboot: Total of 4 processors activated (17559.34 BogoMIPS)
[   29.816063] devtmpfs: initialized
[   29.871795] evm: security.selinux
[   29.933657] evm: security.SMACK64
[   29.984625] evm: security.SMACK64EXEC
[   30.052983] evm: security.SMACK64TRANSMUTE
[   30.137395] evm: security.SMACK64MMAP
[   30.226401] evm: security.ima
[   30.297803] evm: security.capability
[   30.353606] clocksource: jiffies: mask: 0xffffffff max_cycles: 0xffffffff, max_idle_ns: 7645041785100000 ns
[   30.498353] futex hash table entries: 1024 (order: 4, 65536 bytes)
[   30.637858] pinctrl core: initialized pinctrl subsystem
[   30.735386] RTC time: 20:39:17, date: 02/16/18
[   30.832243] NET: Registered protocol family 16
[   30.878659] cpuidle: using governor ladder
[   30.935559] cpuidle: using governor menu
[   30.998183] PCCT header not found.
[   31.065506] ACPI: bus type PCI registered
[   31.146512] acpiphp: ACPI Hot Plug PCI Controller Driver version: 0.5
[   31.262981] PCI: Using configuration type 1 for base access
[   31.378561] ACPI: Added _OSI(Module Device)
[   31.461128] ACPI: Added _OSI(Processor Device)
[   31.520893] ACPI: Added _OSI(3.0 _SCP Extensions)
[   31.614941] ACPI: Added _OSI(Processor Aggregator Device)
[   31.717656] ACPI: Executed 1 blocks of module-level executable AML code
[   31.868462] ACPI: Interpreter enabled
[   31.925427] ACPI: (supports S0 S5)
[   31.947383] ACPI: Using IOAPIC for interrupt routing
[   31.981564] PCI: Using host bridge windows from ACPI; if necessary, use "pci=nocrs" and report a bug
[   32.138149] ACPI: PCI Root Bridge [PCI0] (domain 0000 [bus 00-ff])
[   32.263881] acpi PNP0A03:00: _OSC: OS supports [ASPM ClockPM Segments MSI]
[   32.428422] acpi PNP0A03:00: _OSC: not requesting OS control; OS requires [ExtendedConfig ASPM ClockPM MSI]
[   32.639231] acpi PNP0A03:00: fail to add MMCONFIG information, can't access extended PCI configuration space under this bridge.
[   32.794063] PCI host bridge to bus 0000:00
[   32.878561] pci_bus 0000:00: root bus resource [io  0x0000-0x0cf7 window]
[   32.937202] pci_bus 0000:00: root bus resource [io  0x0d00-0xffff window]
[   33.042619] pci_bus 0000:00: root bus resource [mem 0x000a0000-0x000bffff window]
[   33.079867] pci_bus 0000:00: root bus resource [mem 0x80000000-0xfdffffff window]
[   33.198317] pci_bus 0000:00: root bus resource [bus 00-ff]
[   33.317495] pci 0000:00:01.1: legacy IDE quirk: reg 0x10: [io  0x01f0-0x01f7]
[   33.477292] pci 0000:00:01.1: legacy IDE quirk: reg 0x14: [io  0x03f6]
[   33.569560] pci 0000:00:01.1: legacy IDE quirk: reg 0x18: [io  0x0170-0x0177]
[   33.694868] pci 0000:00:01.1: legacy IDE quirk: reg 0x1c: [io  0x0376]
[   33.846208] pci 0000:00:07.0: quirk: [io  0x4000-0x403f] claimed by PIIX4 ACPI
[   33.969972] pci 0000:00:07.0: quirk: [io  0x4100-0x410f] claimed by PIIX4 SMB
[   34.119751] ACPI: PCI Interrupt Link [LNKA] (IRQs 5 9 10 *11)
[   34.165800] ACPI: PCI Interrupt Link [LNKB] (IRQs 5 9 *10 11)
[   34.190323] ACPI: PCI Interrupt Link [LNKC] (IRQs 5 *9 10 11)
[   34.300660] ACPI: PCI Interrupt Link [LNKD] (IRQs 5 9 10 *11)
[   34.393735] ACPI: Enabled 2 GPEs in block 00 to 07
[   34.481809] vgaarb: setting as boot device: PCI:0000:00:02.0
[   34.519749] vgaarb: device added: PCI:0000:00:02.0,decodes=io+mem,owns=io+mem,locks=none
[   34.678749] vgaarb: loaded
[   34.736541] vgaarb: bridge control possible 0000:00:02.0
[   34.855538] SCSI subsystem initialized
[   34.934745] ACPI: bus type USB registered
[   35.009290] usbcore: registered new interface driver usbfs
[   35.110408] usbcore: registered new interface driver hub
[   35.200704] usbcore: registered new device driver usb
[   35.248811] PCI: Using ACPI for IRQ routing
[   35.271566] NetLabel: Initializing
[   35.307586] NetLabel:  domain hash size = 128
[   35.409555] NetLabel:  protocols = UNLABELED CIPSOv4
[   35.508648] NetLabel:  unlabeled traffic allowed by default
[   35.622923] amd_nb: Cannot enumerate AMD northbridges
[   35.702917] clocksource: Switched to clocksource kvm-clock
[   35.78824] pAorAprm Flest Ebl
  6.7626pn P AI it[ 366765] pnp: PP PIfod dece
[ 37494]losoceaci_: sk0xff m_cles: xfff m_ie_: 8510 n
[ 38467]ETRestre ptol mi 2
[  3.76753 TCP etaisd shabe entries: 38(oer: , 10 bte
  9.454] TCP ind hash table entries: 16384 (order: 6, 262144 bytes)
[   39.645556] TCP: Hash tables configured (established 16384 bind 16384)
[   39.646623] UDP hash table entries: 1024 (order: 3, 32768 ytes
  9.7244] DPitha tlentes10 (de 3328 te
  0.88] T:egsted potolamy 
[ 41154]ci00000. Litg re P/P tnsrs
[  4.76623pc00:001: titi I D hg orrods[ 42055]npki initramfs...
[   43.063840] Freeing initrd memory: 15228K
[   43.153151] platform rtc_cmos: registered platfor  RTC device (no PNP device found)
[   43.473118] Scanning for low memory corruption every 60 seconds
[   43.684973] audit: initializing netiink subsys (disabled)
[   43.882706] audit: type=2000 audit(1518813540.967:1): initialized
[   44.016406] Initialise system trusted keyring
[   44.032760] HugeTLB registered 2 MB page size, pre-allocated 0 pages
[   44.193316] tsc: Refined TSC clocksource calibration: 2194.433 MHz
[   44.476738] clocksource: tsc: mask: 0xffffffffffffffff max_cycles: 011fa1a822bbd, max_idle_ns: 440795299006 ns
[   44.477991] zbud: loaded
[   44.478235] VFS: Disk quotas dquot_6.6.0
[   44.478263] VFS: Dquot-cache hash table entries: 512 (order 0, 4096 bytes)
[   44.478473] squashfs: version 4.0 (2009/01/31) Phillip Lougher
[   44.478837] fuse init (API version 7.23)
[   44.478950] Key type big_key registered
[   44.478973] Allocating IMA MOK and blacklist keyrings.
[   44.480542] Key type asymmetric registered
[   44.480550] Asymmetric key parser 'x509' registered
[   44.480591] Block layer SCSI generic (bsg) driver version 0.4 loaded (major 249)
[   44.480686] io scheduler noop registered
[   44.480688] io scheduler deadline registered (default)
[   44.480717] io scheduler cfq registered
[   44.480819] pci_hotplug: PCIHHot Plug PCI Core version: 0.5
[   44.480823] pciehp: PCI Express Hot Plug Controller Driver version: 0.4
[   44.481162] ACPI: AC Adapter [AC] (on-line)
[   44.481217] input: Power Button as /devices/LNXSYSTM:00/LNXPWRBN:00/input/input0
[   44.481219] ACPI: Power Button [PWRF]
[   44.481283] input: Sleep Button as /devices/LNXSYSTM:00/LNXSLPBN:00/input/input1
[   44.481285] ACPI: Sleep Button [SLPF]
[   44.481540] GHES: HEST is not enabled!
[   44.481647] Serial: 8250/16550 driver, 32 ports, IRQ sharing enabled
[   44.482443] ACPI: Battery Slot [BAT0] (battery present)
[   44.816934] 00:02: ttyS0 at I/O 0x3f8 (irq = 4, base_baud = 115200) is a 16550A
[   44.903964] Linux agpgart interface v0.103
[   44.982093] loop: module loaded
[   44.982740] scsi host0: ata_piix
[   44.983001] scsi host1: ata_piix
[   44.983040] ata1: PATA max UDMA/33 cmd 0x1f0 ctl 0x3f6 bmdma 0xd000 irq 14
[   44.983041] ata2: PATA max UDMA/33 cmd 0x170 ctl 0x376 bmdma 0xd008 irq 15
[   44.983119] libphy: Fixed MDIO Bus: probed
[   44.983121] tun: Universal TUN/TAP device driver, 1.6
[   44.983121] tun: (C) 1999-2004 Max Krasnyansky <maxk@qualcomm.com>
[   44.983159] PPP generic driver version 2.4.2
[   44.983205] ehci_hcd: USB 2.0 'Enhanced' Host Controller (EHCI) Driver
[   44.983209] ehci-pci: EHCI PCI platform driver
[   44.983224] ehci-platform: EHCI generic platform driver
[   44.983231] ohci_hcd: USB 1.1 'Open' Host Controller (OHCI) Driver
[   44.983234] ohci-pci: OHCI PCI platform driver
[   44.983241] ohci-platform: OHCI generic platform driver
[   44.983246] uhci_hcd: USB Universal Host Controller Interface driver
[   44.983302] i8042: PNP: PS/2 Controller [PNP0303:PS2K,PNP0f03:PS2M] at 0x60,0x64 irq 1,12
[   44.983793] serio: i8042 KBD port at 0x60,0x64 irq 1
[   44.983797] serio: i8042 AUX port at 0x60,0x64 irq 12
[   44.983897] mousedev: PS/2 mouse device common for all mice
[   44.984184] rtc_cmos rtc_cmos: rtc core: registered rtc_cmos as rtc0
[   44.984238] rtc_cmos rtc_cmos: alarms up to one day, 114 bytes nvram
[   44.984245] i2c /dev entries driver
[   44.984301] device-mapper: uevent: version 1.0.3
[   44.984396] device-mapper: ioctl: 4.34.0-ioctl (2015-10-28) initialised: dm-devel@redhat.com
[   44.984415] ledtrig-cpu: registered to indicate activity on CPUs
[   44.984906] NET: Registered protocol family 10
[   44.985096] input: AT Translated Set 2 keyboard as /devices/platform/i8042/serio0/input/input2
[   44.985233] NET: Registered protocol family 17
[   44.985245] Key type dns_resolver registered
[   44.985489] microcode: CPU0 sig=0x40661, pf=0x40, revision=0x0
[   44.985496] microcode: CPU1 sig=0x40661, pf=0x40, revision=0x0
[   44.985519] microcode: CPU2 sig=0x40661, pf=0x40, revision=0x0
[   45.100936] microcode: CPU3 sig=0x40661, pf=0x40, revision=0x0
[   45.101034] microcode: Microcode Update Driver: v2.01 <tigran@aivazian.fsnet.co.uk>, Peter Oruba
[   45.101190] registered taskstats version 1
[   45.101204] Loading compiled-in X.509 certificates
[   45.101932] Loaded X.509 cert 'Build time autogenerated kernel key: 4c603087bab8f0a02cb3b4e1fb4c40f507e71ef1'
[   45.101965] zswap: loaded using pool lzo/zbud
[   45.104419] Key type trusted registered
[   45.109182] Key type encrypted registered
[   45.109190] AppArmor: AppArmor sha1 policy hashing enabled
[   45.109194] ima: No TPM chip found, activating TPM-bypass!
[   45.109214] evm: HMAC attrs: 0x1
[   45.109702]   Magic number: 6:432:700
[   45.122679] rtc_cmos rtc_cmos: setting system clock to 2018-02-16 20:39:32 UTC (1518813572)
[   45.122898] BIOS EDD facility v0.16 2004-Jun-25, 0 devices found
[   45.122898] EDD information not available.
[   52.664825] Freeing unused kernel memory: 1508K
[   52.832859] Write protecting the kernel read-only data: 14336k
[   53.458791] Freeing unused kernel memory: 1728K
[   53.833025] Freeing unused kernel memory: 108K
Loading, please wait...
[   54.355521] random: systemd-udevd: uninitialized urandom read (16 bytes read, 5 bits of entropy available)
starting version[   54.356309] random: udevadm: uninitialized urandom read (16 bytes read, 5 bits of entropy available)
 229
[   54.356332] random: udevadm: uninitialized urandom read (16 bytes read, 5 bits of entropy available)
[   54.367641] random: udevadm: uninitialized urandom read (16 bytes read, 5 bits of entropy available)
[   54.367688] random: udevadm: uninitialized urandom read (16 bytes read, 5 bits of entropy available)
[   54.368003] random: udevadm: uninitialized urandom read (16 bytes read, 5 bits of entropy available)
[   54.368071] random: udevadm: uninitialized urandom read (16 bytes read, 5 bits of entropy available)
[   54.368136] random: udevadm: uninitialized urandom read (16 bytes read, 5 bits of entropy available)
[   54.368198] random: udevadm: uninitialized urandom read (16 bytes read, 5 bits of entropy available)
[   54.368259] random: udevadm: uninitialized urandom read (16 bytes read, 5 bits of entropy available)
[   55.787299] e1000: Intel(R) PRO/1000 Network Driver - version 7.3.21-k8-NAPI
[   55.800637] e1000: Copyright (c) 1999-2006 Intel Corporation.
[   55.834541] Fusion MPT base driver 3.04.20
[   55.880784] Copyright (c) 1999-2008 LSI Corporation
[   55.894038] AVX2 version of gcm_enc/dec engaged.
[   55.898372] AES CTR mode by8 optimization enabled
[   55.902086] Fusion MPT SPI Host driver 3.04.20
[   56.094857] input: ImExPS/2 Generic Explorer Mouse as /devices/platform/i8042/serio1/input/input4
[   56.199108] e1000 0000:00:03.0 eth0: (PCI:33MHz:32-bit) 02:1f:2a:60:99:e3
[   56.344472] e1000 0000:00:03.0 eth0: Intel(R) PRO/1000 Network Connection
[   56.799597] e1000 0000:00:08.0 eth1: (PCI:33MHz:32-bit) 08:00:27:88:b0:f7
[   56.988696] e1000 0000:00:08.0 eth1: Intel(R) PRO/1000 Network Connection
[   57.162116] e1000 0000:00:08.0 enp0s8: renamed from eth1
[   57.171986] mptbase: ioc0: Initiating bringup
[   57.223643] e1000 0000:00:03.0 enp0s3: renamed from eth0
[   55.351727] ioc0: LSI53C1030 A0: Capabilities={Initiator}
[   58.841048] floppy0: no floppy controllers found
[   58.843436] scsi host2: ioc0: LSI53C1030 A0, FwRev=00000000h, Ports=1, MaxQ=256, IRQ=20
[   58.968552] scsi 2:0:0:0: Direct-Access     VBOX     HARDDISK         1.0  PQ: 0 ANSI: 5
[   58.968558] scsi target2:0:0: Beginning Domain Validation
[   58.970201] scsi target2:0:0: Domain Validation skipping write tests
[   58.970202] scsi target2:0:0: Ending Domain Validation
[   58.970282] scsi target2:0:0: asynchronous
[   58.970995] scsi 2:0:1:0: Direct-Access     VBOX     HARDDISK         1.0  PQ: 0 ANSI: 5
[   58.970999] scsi target2:0:1: Beginning Domain Validation
[   58.972732] scsi target2:0:1: Domain Validation skipping write tests
[   58.972732] scsi target2:0:1: Ending Domain Validation
[   58.972792] scsi target2:0:1: asynchronous
[   58.978736] sd 2:0:0:0: [sda] 20971520 512-byte logical blocks: (10.7 GB/10.0 GiB)
[   58.979039] sd 2:0:0:0: Attached scsi generic sg0 type 0
[   58.979041] sd 2:0:0:0: [sda] Write Protect is off
[   58.979220] sd 2:0:0:0: [sda] Incomplete mode parameter data
[   58.979221] sd 2:0:0:0: [sda] Assuming drive cache: write through
[   58.979503] sd 2:0:1:0: [sdb] 20480 512-byte logical blocks: (10.5 MB/10.0 MiB)
[   58.979752] sd 2:0:1:0: Attached scsi generic sg1 type 0
[   58.979921] sd 2:0:1:0: [sdb] Write Protect is off
[   58.980080] sd 2:0:1:0: [sdb] Incomplete mode parameter data
[   58.980081] sd 2:0:1:0: [sdb] Assuming drive cache: write through
[   58.981758]  sda: sda1
[   58.982876] sd 2:0:0:0: [sda] Attached SCSI disk
[   58.983416] sd 2:0:1:0: [sdb] Attached SCSI disk
Begin: Loading e[   62.914460] md: linear personality registered for level -1
ssential drivers[   63.046816] md: multipath personality registered for level -4
 ... [   63.146339] md: raid0 personality registered for level 0
[   63.263267] md: raid1 personality registered for level 1
[   63.403409] raid6: sse2x1   gen()  9427 MB/s
[   63.595070] raid6: sse2x1   xor()  7429 MB/s
[   63.767171] raid6: sse2x2   gen() 11435 MB/s
[   63.923111] raid6: sse2x2   xor()  7947 MB/s
[   64.102259] raid6: sse2x4   gen() 14244 MB/s
[   64.302975] raid6: sse2x4   xor()  9493 MB/s
[   64.459152] raid6: avx2x1   gen() 17041 MB/s
[   64.619241] raid6: avx2x2   gen() 21039 MB/s
[   64.807445] raid6: avx2x4   gen() 25032 MB/s
[   64.835263] raid6: using algorithm  vx2x4 gen() 25032 MB/s
[   64.890048] raid6: using avx2x2 recovery algorithm
[   65.023356] xor: automatically using best checksumming function:
[   65.166993]    avx       : 20372.000 MB/sec
[   65.236739] async_tx: api initialized (async)
[   65.319100] md: raid6 personality registered for level 6
[   65.403083] md: raid5 personality registered for level 5
[   65.499959] md: raid4 personality registered for level 4
[   65.579605] md: raid10 personality registered for level 10
done.
Begin: Running /scripts/init-premount ... done.
Begin: M[   65.729990] Btrfs loaded
ounting root file system ... Begin: Running /scripts/local-top ... done.
Begin:[   65.825592] EXT4-fs (sda1): mounted filesystem with ordered data mode. Opts: (null)
 Running /scripts/local-premount ... Scanning for Btrfs filesystems
done.
Warning: fsck not present, so skipping root file system
done.
Begin: Running /scripts/local-bottom ... done.
Begin: Running /scripts/init-bottom ... done.
[   66.047855] systemd[1]: systemd 229 running in system mode. (+PAM +AUDIT +SELINUX +IMA +APPARMOR +SMACK +SYSVINIT +UTMP +LIBCRYPTSETUP +GCRYPT +GNUTLS +ACL +XZ -LZ4 +SECCOMP +BLKID +ELFUTILS +KMOD -IDN)
[   66.556800] systemd[1]: Detected virtualization oracle.
[   66.631419] systemd[1]: Detected checure x86-64.

Welcome to [1mUbuntu 16.04.3 LTS[0m!

[   7.6324]ysmd]:Set htne  <ubuntu-xia.
[  65154 syste[1 St up automountAritryxetae ilFoatFil Sst Aomntoint.
[[0;32m  OK  [0m] Set up automount Arbitrary Executab...ats File System Automount Point.
[ 694396] ste[1 Startd rwd ssrdeqstto Wal Decryath. [[0;32m  OK  [0m] Started Forward Password Requests to Wall Directory Watch.
[ 70089] systemd[1: stin on LVM2 oldaonocet.
[[0;32m  OK  [0m] Listening on LVM2 poll daemon socket.
[  71.10277syem[1]: Listeinondev ernel Soet
[[0;32m  OK  [0m] Listening on udev Kernel Socket.
[ 7111306]ysmd]:eaedart ser and Group Nmeoops
[[0;32m  OK  [0m] Reached target User and Group Name Lookups.
[  724835sytemd[: sting onJonaSoet
[[0;32m  OK  [0m] Listening on Journal Socket.
[   .489 sstemd[]:isnig on JounaSoet/d/l). [[0;32m  OK  [0m] Listening on Journal Socket (/dev/log).
[   744754syem[1]:Litein oSyslg ck. [[0;32m  OK  [0m] Listening on Syslog Socket.
[ 7505151]ysmd]: Lieng  LVM2 metadata daonoct. [[0;32m  OK  [0m] Listening on LVM2 metadata daemon socket.
[  79203syem[1]: Started Trigger resolvconf uda fr twkd DNS.
[[0;32m  OK  [0m] Started Trigger resolvconf update for networkd DNS.
[ 76997]system1]Crted ic Sstm ic
[[0;32m  OK  [0m] Created slice System Slice.
[   77.803121] systemd[1]: Mounting POSIX Message Queue File System...
[   77.939792] random: nonblocking pool is initialized
         Mounting POSIX Message Queue File System...
[   78.000545] systemd[1]: Mounting Huge Pages File System...
         Mounting Huge Pages File System...
[   78.071703] systemd[1]: Starting Create list of required static device nodes for the current kernel...
         Starting Create list of required st... nodes for the current kernel...
[   78.452507] systemd[1]: Starting Uncomplicated firewall...
         Starting Uncomplicated firewall...
[   78.675800] systemd[1]: Starting Load Kernel Modules...
         [   78.776014] Loading iSCSI transport class v2.0-870.
Starting Load Kernel Modules...[   79.062733] iscsi: registered transport (tcp)

[   79.554373] systemd[1]: Listening on /dev/initctl Compatibility Named Pipe.
[[0;32m  OK  [0m] Listening on /dev/initctl Co[   79.713370] iscsi: registered transport (iser)
mpatibility Named Pipe.
[   79.867687] systemd[1]: Starting Remount Root and Kernel File Systems...
         Startin[   80.068591] EXT4-fs (sda1): re-mounted. Opts: (null)
g Remount Root and Kernel File Systems...
[   80.183268] systemd[1]: Starting Set console keymap...
         Starting Set console keymap...
[   80.335727] systemd[1]: Created slice User nnd Session Slice.
[[0;32m  OK  [0m] Created slice User and Session Slice.
[   805579392] systemd[1]: Reached target Slices.
[[0;32m  OK  [0m] Reached target Slices.
[   80.819107] systemd[1]: Mounting Debug File System...
         Mounting Debug File System...
[   81.004172] systemd[1]: Listening on Device-mapper event daemon FIFOs.
[[0;32m  OK  [0m] Listening on Device-mapper event daemon FIFOs.
[   81.279271] systemd[1]: Starting Monitoring of LVM2 mirrors, snapshots etc. using dmeventd or progress polling...
         Starting Monitoring of LVM2 mirrors... dmeventd or progress polling...
[   81.541008] systemd[1]: Reached target Encrypted Volumes.
[[0;32m  OK  [0m] Reached target Encrypted Volumes.
[   81.748229] systemd[1]: Listening on udev Control Socket.
[[0;32m  OK  [0m] Listening on udev Control Socket.
[   22.003422] systemd[1]: Listening on Journal Audit Socket.
[[0;32m  OK  [0m] Listening on Journal Audit Socket.
[   82.287714] systemd[1]: Starting Journal Service...
         Starting Journal Service...
[   82.352972] systemd[1]: Created slice system-serial\x2dgetty.slice.
[[0;32m  OK  [0m] Created slice system-serial\x2dgetty.slice.
[   82.411180] systemd[1]: Reached target Swap.
[[0;32m  OK  [0m] Reached target Swap.
[   82.691121] systemd[1]: Starting Nameserver information manager...
         Starting Nameserver information manager...
[   82.856920] systemd[1]: Mounted Huge Pages File System.
[[0;32m  OK  [0m] Mounted Huge Pages File System.
[   83.071687] systemd[1]: Mounted Debug File System.
[[0;32m  OK  [0m] Mounted Debug File System.
[   83.275547] systemd[1]: Mounted POSIX Message Queue File System.
[[0;32m  OK  [0m] Mounted POSIX Message Queue File System.
[   83.443358] systemd[1]: Started Journal Service.
[[0;32m  OK  [0m] Started Journal Service.
[[0;32m  OK  [0m] Started Create list of required sta...ce nodes for the current kernel.
[[0;32m  OK  [0m] Started Uncomplicated firewall.
[[0;32m  OK  [0m] Started Load Kernel Modules.
[[0;32m  OK  [0m] Started Remount Root and Kernel File Systems.
[[0;32m  OK  [0m] Started Set console keymap.
[[0;32m  OK  [0m] Started Nameserver information manager.
[[0;32m  OK  [0m] Started LVM2 metadata daemon.
         Starting udev Coldplug all Devices...
         Starting Initial cloud-init job (pre-networking)...
         Starting Load/Save Random Seed...
         Starting Apply Kernel Variables...
         Mounting FUSE Control File System...
         Starting Create Static Device Nodes in /dev...
         Starting Flush Journal to Persistent Storage...
[[0;32m  OK  [0m] Mounted FUSE Control File System.
[[0;32m  OK  [0m] Started Load/Save Random Seed.
[[0;32m  OK  [0m] Started Apply Kernel Variables.
[[0;32m  OK  [0m] Started Create Static Device Nodes in /dev.
[[0;32m  OK  [0m] Started udev Coldplug all Devices.
[[0;32m  OK  [0m] Started Flush Journal to Persistent Storage.
         Starting udev Kernel Device Manager...
[[0;32m  OK  [0m] Started udev Kernel Device Manager.
[[0;32m  OK  [0m] Started Monitoring of LVM2 mirrors,...ng dmeventd or progress polling.
[[0;32m  OK  [0m] Found device /dev/ttyS0.
[[0;32m  OK  [0m] Reached target Local File Systems (Pre).
[[0;32m  OK  [0m] Reached target Local File Systems.
[   49.999934] cloud-init[473]: Cloud-init v. 17.1 running 'init-local' at Fri, 16 Feb 2018 20:40:11 +0000. Up 49.62 seconds.
         Starting Create Volatile Files and Directories...
         Starting LSB: AppArmor initialization...
         Starting Tell Plymouth To Write Out Runtime Data...
         Starting Set console font and keymap...
[[0;32m  OK  [0m] Started Dispatch Password Requests to Console Directory Watch.
[[0;32m  OK  [0m] Started Create Volatile Files and Directories.
[[0;32m  OK  [0m] Started Tell Plymouth To Write Out Runtime Data.
[[0;32m  OK  [0m] Started Set console font and keymap.
[[0;32m  OK  [0m] Started Initial cloud-init job (pre-networking).
[[0;32m  OK  [0m] Listening on Load/Save RF Kill Switch Status /dev/rfkill Watch.
[[0;32m  OK  [0m] Reached target Network (Pre).
[[0;32m  OK  [0m] Created slice system-getty.slice.
[[0;32m  OK  [0m] Reached target System Time Synchronized.
         Starting Update UTMP about System Boot/Shutdown...
[[0;32m  OK  [0m] Started LSB: AppArmor initialization.
[[0;32m  OK  [0m] Started ifup for enp0s3.
[[0;32m  OK  [0m] Started ifup for enp0s8.
         Starting Raise network interfaces...
[[0;32m  OK  [0m] Started Update UTMP about System Boot/Shutdown.
[[0;32m  OK  [0m] Started Raise network interfaces.
[[0;32m  OK  [0m] Reached target Network.
         Starting Initial cloud-init job (metadata service crawler)...
[   53.529559] cloud-init[1087]: Cloud-init v. 17.1 running 'init' at Fri, 16 Feb 2018 20:40:15 +0000. Up 53.25 seconds.
[   53.600858] [cloud-init[0;32m  OK  [0m[1087]: ] ci-info: ++++++++++++++++++++++++++++++++++++++Net device info++++++++++++++++++++++++++++++++++++++Started Initial cloud-init job (metadata service crawler).

[   53.601217] cloud-init[1087]: ci-info: +--------+------+-----------------------------+---------------+-------+-------------------+
[   53.812392] [cloud-init[0;32m  OK  [0m[1087]: ] ci-info: | Device |  Up  |           Address           |      Mask     | Scope |     Hw-Address    |Reached target Cloud-config availability.

[   53.896956] [cloud-init[0;32m  OK  [0m[1087]: ] ci-info: +--------+------+-----------------------------+---------------+-------+-------------------+Reached target Network is Online.

[   53.996676]          cloud-initStarting iSCSI initiator daemon (iscsid)...[1087]: 
ci-info: | enp0s3 | True |          10.0.2.15          | 255.255.255.0 |   .   | 02:1f:2a:60:99:e3 |
[   54.076914] [cloud-init[0;32m  OK  [0m[1087]: ] ci-info: | enp0s3 | True |  fe80::1f:2aff:fe60:99e3/64 |       .       |  link | 02:1f:2a:60:99:e3 |Reached target System Initialization.

[   54.157022] [cloud-init[0;32m  OK  [0m[1087]: ] ci-info: | enp0s8 | True |        192.168.33.59        | 255.255.255.0 |   .   | 08:00:27:88:b0:f7 |Started Daily apt download activities.

[   54.288519] [cloud-init[0;32m  OK  [0m[1087]: ] ci-info: | enp0s8 | True | fe80::a00:27ff:fe88:b0f7/64 |       .       |  link | 08:00:27:88:b0:f7 |Started Daily apt upgrade and clean activities.

[   54.288993] cloud-init[1087]: ci-info: |   lo   | True |          127.0.0.1          |   255.0.0.0   |   .   |         .         |
[   54.516340] [cloud-init[0;32m  OK  [0m[1087]: ] ci-info: |   lo   | True |           ::1/128           |       .       |  host |         .         |Started ACPI Events Check.

[   54.516694] [cloud-init[0;32m  OK  [0m[1087]: ] ci-info: +--------+------+-----------------------------+---------------+-------+-------------------+Reached target Paths.

[   54.752419] [cloud-init[0;32m  OK  [0m[1087]: ] ci-info: ++++++++++++++++++++++++++++Route IPv4 info++++++++++++++++++++++++++++Listening on ACPID Listen Socket.

[   54.752745] cloud-init[1087]: ci-info: +-------+--------------+----------+---------------+-----------+-------+
[   54.820839]          cloud-initStarting LXD - unix socket.[1087]: 
ci-info: | Route | Destination  | Gateway  |    Genmask    | Interface | Flags |
[[   54.821134] [0;32m  OK  [0mcloud-init] [1087]: Listening on D-Bus System Message Bus Socket.ci-info: +-------+--------------+----------+---------------+-----------+-------+

[[0;32m  OK  [0m] Listening on UUID daemon activation socket.
[   54.948988] cloud-init[1087]: ci-info: |   0   |   0.0.0.0    | 10.0.2.2 |    0.0.0.0    |   enp0s3  |   UG  |
[   55.248721]          cloud-initStarting Socket activation for snappy daemon.[1087]: 
ci-info: |   1   |   10.0.2.0   | 0.0.0.0  | 255.255.255.0 |   enp0s3  |   U   |
[   55.340673] [cloud-init[0;32m  OK  [0m[1087]: ] ci-info: |   2   | 192.168.33.0 | 0.0.0.0  | 255.255.255.0 |   enp0s8  |   U   |Started Timer to automatically refresh installed snaps.

[[   55.436403] [0;32m  OK  [0mcloud-init] [1087]: Started Daily Cleanup of Temporary Directories.ci-info: +-------+--------------+----------+---------------+-----------+-------+

[[0;32m  OK  [0m] Reached target Timers.
[[0;32m  OK  [0m] Listening on LXD - unix socket.
[[0;32m  OK  [0m] Listening on Socket activation for snappy daemon.
[[0;32m  OK  [0m] Started iSCSI initiator daemon (iscsid).
         Starting Login to default iSCSI targets...
[[0;32m  OK  [0m] Reached target Sockets.
[[0;32m  OK  [0m] Reached target Basic System.
         Starting Apply the settings specified in cloud-config...
         Starting LSB: MD monitoring daemon...
[[0;32m  OK  [0m] Started D-Bus System Message Bus.
         Starting LSB: Record successful boot for GRUB...
[[0;32m  OK  [0m] Started Regular background program processing daemon.
[[0;32m  OK  [0m] Started FUSE filesystem for LXC.
[[0;32m  OK  [0m] Started ACPI event daemon.
         Starting Accounts Service...
         Starting /etc/rc.local Compatibility...
[[0;32m  OK  [0m] Started Deferred execution scheduler.
[   56.240241] cloud-init[1147]: Cloud-init v. 17.1 running 'modules:config' at Fri, 16 Feb 2018 20:40:18 +0000. Up 56.11 seconds.
         Starting System Logging Service...
[[0;32m  OK  [0m] Started Unattended Upgrades Shutdown.
         Starting OpenBSD Secure Shell server...
         Starting Snappy daemon...
         Starting MySQL Community Server...
         Starting Login Service...
         Starting LXD - container startup/shutdown...
[[0;32m  OK  [0m] Started System Logging Service.
[[0;32m  OK  [0m] Started OpenBSD Secure Shell server.
[[0;32m  OK  [0m] Started Snappy daemon.
[[0;32m  OK  [0m] Started Apply the settings specified in cloud-config.
[[0;32m  OK  [0m] Started /etc/rc.local Compatibility.
[[0;32m  OK  [0m] Started LXD - container startup/shutdown.
[[0;32m  OK  [0m] Started Login to default iSCSI targets.
[[0;32m  OK  [0m] Started LSB: MD monitoring daemon.
[[0;32m  OK  [0m] Started LSB: Record successful boot for GRUB.
         Starting Authenticate and Authorize Users to Run Privileged Tasks...
[[0;32m  OK  [0m] Reached target Remote File Systems (Pre).
[[0;32m  OK  [0m] Reached target Remote File Systems.
         Starting LSB: Apache2 web server...
         Starting Permit User Sessions...
         Starting LSB: VirtualBox Linux Additions...
         Starting LSB: automatic crash report generation...
         Starting LSB: Set the CPU Frequency Scaling governor to "ondemand"...
         Starting LSB: daemon to balance interrupts for SMP systems...
[[0;32m  OK  [0m] Started Permit User Sessions.
[[0;32m  OK  [0m] Started Login Service.
[[0;32m  OK  [0m] Started MySQL Community Server.
[[0;32m  OK  [0m] Started Authenticate and Authorize Users to Run Privileged Tasks.
[[0;32m  OK  [0m] Started Accounts Service.
[[0;32m  OK  [0m] Started LSB: Set the CPU Frequency Scaling governor to "ondemand".
[[0;32m  OK  [0m] Started LSB: VirtualBox Linux Additions.
[[0;32m  OK  [0m] Started LSB: automatic crash report generation.
[[0;32m  OK  [0m] Created slice User Slice of vagrant.
[[0;32m  OK  [0m] Started Session 1 of user vagrant.
         Starting User Manager for UID 1000...
         Starting Terminate Plymouth Boot Screen...
         Starting Hold until boot process finishes up...
[[0;32m  OK  [0m] Started User Manager for UID 1000.
[[0;32m  OK  [0m] Started LSB: daemon to balance interrupts for SMP systems.
[[0;32m  OK  [0m] Started Terminate Plymouth Boot Screen.
[[0;32m  OK  [0m] Started Hold until boot process finishes up.
[[0;32m  OK  [0m] Started Serial Getty on ttyS0.
[[0;32m  OK  [0m] Started Getty on tty1.
[[0;32m  OK  [0m] Reached target Login Prompts.
         Starting Set console scheme...
[[0;32m  OK  [0m] Started Set console scheme.
[[0;32m  OK  [0m] Started LSB: Apache2 web server.
[[0;32m  OK  [0m] Reached target Multi-User System.
[[0;32m  OK  [0m] Reached target Graphical Interface.
         Starting Execute cloud user/final scripts...
         Starting Update UTMP about System Runlevel Changes...
[[0;32m  OK  [0m] Started Update UTMP about System Runlevel Changes.
[   59.734635] cloud-init[1467]: Cloud-init v. 17.1 running 'modules:final' at Fri, 16 Feb 2018 20:40:21 +0000. Up 59.59 seconds.
[[   59.820841] cloud-init[1467]: Cloud-init v. 17.1 finished at Fri, 16 Feb 2018 20:40:21 +0000. Datasource DataSourceNoCloud [seed=/dev/sdb][dsmode=net].  Up 59.72 seconds
[0;32m  OK  [0m] Started Execute cloud user/final scripts.
[[0;32m  OK  [0m] Reached target Cloud-init target.
         Starting Daily apt download activities...
         Stopping User Manager for UID 1000...
[[0;32m  OK  [0m] Stopped User Manager for UID 1000.
[[0;32m  OK  [0m] Removed slice User Slice of vagrant.

Ubuntu 16.04.3 LTS ubuntu-xenial ttyS0

ubuntu-xenial login: 