[   .00000] Initiaizng cgroup ubs puset
[  000000 Itializin coup subs cu
[  00000 Itializing cgroup subsys cacct
   0.000] Luxersion4.0-112-geri(build@l01am6410 (gcc vesi 5.4.020069 (Ubuu .4.0-6unt~16.04.5 )135-UbtuSM FriJa1911:48:36 UTC 2018 (Uun 44.0-1235generi4..98)[   0000] Cmad ine:BO_IAGE=/boot/vliz-4.4.0-2-eneric root=UUID=b6dc49-5ed-31ba6b-6995f48roconsoltt1 csoe=tyS0[   0.0000 KRNEL suprt cpus:[    0.000]   teGenuinnt
[    00000]   AM AhenticAMD
[    0.000000]   Centaur CentaurHauls
[    0.000000] x86fp xstate_offset[2]:  576, xste_ses]:  6[   0.000] x86/puSuporting XSAVE featrex01:'x foatin pinregists'
[  000000] 86fp: uprtg XSAVE feature x02: 'SSE registers'[   0000] x86/fpu: Supportin XSAVEfeur 0x0 'VX giers'   0.000] x/f: Enle xtateeares 0x7, context size is 82 bytesusng 'standard' format.
[   00000] x/fu: Uin 'az' FPU ntt swites
[  000000e80: BIS-provided physical RAM map:
[   0.0000] IOS-e8: mem 0x000000000-0x00000000fbff] ubl
[  0.0000] BIOS-e820: [me0x0000009fc000x0000000ff] reered
[   0.0000]IOS-e8: mem 000000000f00-x0000000fffffrerved
[   000000 BIOe820:[m 0x000000010000x00000007ffeff usable
[    .0000] OS-e82: em 0x000000007fff0000-x000007ffff] ACPIda
[    00000] BIO-e0: mem 0x00000000fec000-00000000fec00fff]reserve
[   0.00000 BOS-e820: [mem 000000fee00000-0x0000000f00ff rerved[   0.00] BIOSe8: [me 0000000ff000-0x0000ffffff resve
[    0.00000] N (xeute Diab) proection aive
[    0.000000] BI 2.5rent.
[    0.00000]Hyrvor dteed KVM
[    00000] e820: last_pfn = 0x7f0 ax_ah_fn =x40000
   0.0000 MRR: Dsaed
[   0.000] x86/PT: MRs disbl, skppg PAT intiiztionoo
[    0000] CPU MTRRs all blank vitualizedsyem.[  0.000 x86/PA: nfguration [-7 WB  WT  - C  WB  WT U UC 
  0.00000] un SMP MP-bl a[mem 0x0009ff0-009ff]apped at [fff8800009f0
[   0.000] Scani 1 are f lowemy corrptn
[   00000] MDK: [mem 0x36232000-0x3710f]
[  000000] ACP: arly table checksum ericatn isabled
[   0.000]CP RSDP 00000000E00 0004 v02 BO  
    0.000]ACPI XT x00000FFF0030 0000 (v01 VBO  BOXXT 000001 AS 0000061)    0000] AI:ACP 0x0000007FFF00 000F4 (04BOX   OXCP 000000ASL  00000)
[    0.0000] ACPI DT x0000007FF048 021 (v0 VX  VBOXIO0000002 INT 21028)
  0.0000] PI FACS 0x000000FF0200 004
[  0.0000] AI:FACS 0x000000007FFF02000040   0.000] CP: IC0x00007FFF024 006 (v02BO  VBAP 0000001SL 000001)
[   0000] ACPI: SDT0x00000007FF02B0 0001CC (v01 VBO  BOXCUT 0000002INT200528)
  0.000] NoUMA confgution fun
[   0.00000Faki aode atme 0x00000000000x00000007ffeff]
[    0.00000] NOD_DA(0) aloated[mm 0x7ffeb0-x7ffefff
[   .0000]vmcloc Ung msrs4b4d01 a 4564d00
[  .00000] m-lock:cp 0msr 0ff001, primarypu coc
[   0.00] kvm-lo: sin sedoffs o31585611cycles
[   0.0000] losorce: kvm-clock: mask: 0xfffffffffffff mx_cycles: 0x1cd44db, m_ie_ns889059143 
[   0.000] Zne ngs:
  0.00000]   DMA     me0x00000000010-0000000fffff]
[   000000]   DMA32    [emx00000000100-0x0000007feff]
[    0.000   Norm  empty
  0.000000]   Device   empty
  0.0000] vale ze art r ch node
[  000000] Early memry node rangs
[   0.00000]  node  0[memx00000000000-0000000009eff][   0.000]   ne  0: [mem 0x000000000000-x000007ffeffff]
   0.00000]nimem setup de0 [m 0000000000010-0x00007ffeffff]
   0.0000] CP PTimeIOort:x48
[   00000] APC[0]: api_i4, verion2,addres0xfec00000, GSI 0-23
[   0.000 ACPI:NTSRC_R us 0 bus_irq  gobalir2 fl dfl)
[  0.000000] ACPI: IN_S_OVRbu0 bus_irq 9 global_irq 9 loleel)
[   000000] Usig CP(MT) forSM cfiguatonnformatin
[    0.00000] spbot Allowing 4CPs, hotplg Us
[    0.00000] PM: Regstered nosave memory:me0x00000000x000fff]
[   0.0000] : egisted osave emy:[mem x09f00-00ffff
  0.00000]M:Rested nosaveemry: [mem 0000000-0x00ffff]
[    0.000000] PM: Reiserd nsavemery [mem x0f000-000ffff]
  0.00000]82: [m 800000000xbfffff] available foPCdevis[   00000]Boin parviuaizederl on KVM
[    0.000000] cocource: rfied-jiffies: mak: 0ffffff max_ccls:0xffffff, x_id_n 764510011568 ns
[    00000 set_pcpu: _CS:51nrpumaskit:512r_u_ids:4r_ode_ids:1[   .0000] PERU: Embeded4 paes/puffff00c00000 s99544 81 d31528 u5288
[   .00000] PVqsnlck hshabe ntes 256 (order: 0, 4096 byt)
[  00000] il 1zolits i Ne rder, mobit groupg n.  Total pages: 515961
[    0.000000] Polcy zon DA32
[    000000 Kne command line: BOOT_IMAGE=/boot/vlinuz-4.4.0-11-gneic root=UUD=ad449-3d331-bab-9975fa4 r cooltty1onle=tyS
[   0.000] PID hash tabe entries:406 (ord:  32768 bytes)
    0000] emy:2029224K/209696K aiabl(89K kernecoe, 1309 rata, 388 rata, 15K it, 31 bs, 67472K eserved,K ma-rseed
[    0.0000] SSLUB: align=64, Order=0-3, injets=0, CUs, Nos=
[    0000] Kernel/User page table isolatn:enabld    0000] iercical RCU imleentaton
   0.000] Build-im ajustment ofle fanout to 64.
    0.00000]RCU reriting CPUsro NR_CPUS=512 o nr_u_s=4.
  0.000000RC: Adjusting gmetrforcu_ant_ea64nr_cpu_is=
[   0.0000NR_IRQ:324 nrrqs:456 16
[    0.000000]Console: clou VA+ 80x25
[    0.000000] console [tty1] enabled
[    0.000000] console [ttyS0] enle
[   .0000] tsc: Detected 2194.918 MHz processor
[   27.770252] Calibrating delay loop (skipped) preset value.. 4389.83 BogoMIPS (lpj=8779672)
[   27.907601] pid_max: default: 32768 minimum: 301
[   28.003322] ACPI: Core revision 20150930
[   28.071442] ACPI: 2 ACPI AML tables successfully acquired and loaded
[   28.188069] Security Framework initialized
[   28.268769] Yama: becoming mindful.
[   28.331099] AppArmor: AppArmor initialized
[   28.400949] Dentry cache hash table entries: 262144 (order: 9, 2097152 bytes)
[   28.540546] Inode-cache hash table entries: 131072 (order: 8, 1048576 bytes)
[   28.674959] Mount-cache hash table entries: 4096 (order: 3, 32768 bytes)
[   28.797543] Mountpoint-cache hash table entries: 4096 (order: 3, 32768 bytes)
[   28.941866] Initializing cgroup subsys io
[   29.015307] Initializing cgroup subsys memory
[   29.102525] Initializing cgroup subsys devices
[   29.193358] Initializing cgroup subsys freezer
[   29.299669] Initializing cgroup subsys net_cls
[   29.392188] Initializing cgroup subsys perf_event
[   29.482269] Initializing cgroup subsys net_prio
[   29.582220] Initializing cgroup subsys hugetlb
[   29.663189] Initializing cgroup subsys pids
[   29.727202] CPU: Physical Processor ID: 0
[   29.796745] CPU: Processor Core ID: 0
[   29.852701] FEATURE SPEC_CTRL Not Present
[   29.935126] mce: CPU supports 0 MCE banks
[   30.023257] Last level iTLB entries: 4KB 1024, 2MB 1024, 4MB 1024
[   30.144964] Last level dTLB entries: 4KB 1024, 2MB 1024, 4MB 1024, 1GB 4
[   30.283605] Freeing SMP alternatives memory: 32K
[   30.398038] ftrace: allocating 32180 entries in 126 pages
[   30.556204] smpboot: APIC(0) Converting physical 0 to logical package 0
[   30.687902] smpboot: Max logical packages: 1
[   30.773146] x2apic enabled
[   30.807455] Switched APIC routing to physical x2apic.
[   30.884494] ..TIMER: vector=0x30 apic1=0 pin1=2 apic2=-1 pin2=-1
[   31.151295] smpboot: CPU0: Intel(R) Core(TM) i7-4770HQ CPU @ 2.20GHz (family: 0x6, model: 0x46, stepping: 0x1)
[   31.323892] Performance Events: unsupported p6 CPU model 70 no PMU driver, software events only.
[   31.498345] KVM setup paravirtual spinlock
[   31.608470] x86: Booting SMP configuration:
[   31.712407] .... node  #0, CPUs:      #1
[   31.772608] kvm-clock: cpu 1, msr 0:7ffe3041, secondary cpu clock
[   31.808803] mce: CPU supports 0 MCE banks
[   31.811670]  #2
[   31.832443] kvm-clock: cpu 2, msr 0:7ffe3081, secondary cpu clock
[   31.884590] mce: CPU supports 0 MCE banks
[   31.921413]  #3
[   31.929635] kvm-clock: cpu 3, msr 0:7ffe30c1, secondary cpu clock
[   32.044133] mce: CPU supports 0 MCE banks
[   32.141707] x86: Booted up 1 node, 4 CPUs
[   32.219789] smpboot: Total of 4 processors activated (17559.34 BogoMIPS)
[   32.349604] devtmpfs: initialized
[   32.424673] evm: security.selinux
[   32.492403] evm: security.SMACK64
[   32.512578] evm: security.SMACK64EXEC
[   32.513280] evm: security.SMACK64TRANSMUTE
[   32.571175] evm: security.SMACK64MMAP
[   32.649182] evm: security.ima
[   32.690104] evm: security.capability
[   32.755587] clocksource: jiffies: mask: 0xffffffff max_cycles: 0xffffffff, max_idle_ns: 7645041785100000 ns
[   32.940630] futex hash table entries: 1024 (order: 4, 65536 bytes)
[   32.998359] pinctrl core: initialized pinctrl subsystem
[   33.035992] RTC time:  4:43:28, date: 02/15/18
[   33.072525] NET: Registered protocol family 16
[   33.152365] cpuidle: using governor ladder
[   33.240322] cpuidle: using governor menu
[   33.317844] PCCT header not found.
[   33.369380] ACPI: bus type PCI registered
[   33.432835] acpiphp: ACPI Hot Plug PCI Controller Driver version: 0.5
[   33.552822] PCI: Using configuration type 1 for base access
[   33.665345] ACPI: Added _OSI(Module Device)
[   33.726358] ACPI: Added _OSI(Processor Device)
[   33.828134] ACPI: Added _OSI(3.0 _SCP Extensions)
[   33.922567] ACPI: Added _OSI(Processor Aggregator Device)
[   34.022777] ACPI: Executed 1 blocks of module-level executable AML code
[   34.095447] ACPI: Interpreter enabled
[   34.121717] ACPI: (supports S0 S5)
[   34.178643] ACPI: Using IOAPIC for interrupt routing
[   34.278783] PCI: Using host bridge windows from ACPI; if necessary, use "pci=nocrs" and report a bug
[   34.459831] ACPI: PCI Root Bridge [PCI0] (domain 0000 [bus 00-ff])
[   34.585603] acpi PNP0A03:00: _OSC: OS supports [ASPM ClockPM Segments MSI]
[   34.736103] acpi PNP0A03:00: _OSC: not requesting OS control; OS requires [ExtendedConfig ASPM ClockPM MSI]
[   34.933564] acpi PNP0A03:00: fail to add MMCONFIG information, can't access extended PCI configuration space under this bridge.
[   35.162801] PCI host bridge to bus 0000:00
[   35.196653] pci_bus 0000:00: root bus resource [io  0x0000-0x0cf7 window]
[   35.273472] pci_bus 0000:00: root bus resource [io  0x0d00-0xffff window]
[   35.408359] pci_bus 0000:00: root bus resource [mem 0x000a0000-0x000bffff window]
[   35.538968] pci_bus 0000:00: roottbus resource [mem 0x80000000-0xfdffffff window]
[   35.614669] pci_bus 0000:00: root bus resource [bus 00-ff]
[   35.668240] pci 0000:00:01.1: legacy IDE quirk: reg 0x10: [io  0x01f0-0x01f7]
[   35.805113] pci 0000:00:01.1: legacy IDE quirk: reg 0x14: [io  0x03f6]
[   35.928245] pci 0000:00:01.1: legacy IDE quirk: reg 0x18: [io  0x0170-0x0177]
[   36.071006] pci 0000:00:01.1: legacy IDE quirk: reg 0x1c: [io  0x0376]
[   36.193487] pci 0000:00:07.0: quirk: [io  0x4000-0x403f] claimed by PIIX4 ACPI
[   36.287490] pci 0000:00:07.0: quirk: [io  0x4100-0x410f] claimed by PIIX4 SMB
[   36.389657] ACPI: PCI Interrupt Link [LNKA] (IRQs 5 9 10 *11)
[   36.510324] ACPI: PCI Interrupt Link [LNKB] (IRQs 5 9 *10 11)
[   36.620315] ACPI: PCI Interrupt Link [LNKC] (IRQs 5 *9 10 11)
[   36.710265] ACPI: PCI Interrupt Link [LNKD] (IRQs 5 9 10 *11)
[   36.823017] ACPI: Enabled 2 GPEs in block 00 to 07
[   36.901201] vgaarb: setting as boot device: PCI:0000:00:02.0
[   36.997074] vgaarb: device added: PCI:0000:00:02.0,decodes=io+mem,owns=io+mem,locks=none
[   37.126684] vgaarb: loaded
[   37.168680] vgaarb: bridge control possible 0000:00:02.0
[   37.263502] SCSI subsystem initialized
[   37.331762] ACPI: bus type USB registered
[   37.362908] usbcore: registered new interface driver usbfs
[   37.406470] usbcore: registered new interface driver hub
[   37.511072] usbcore: registered new device driver usb
[   37.612828] PCI: Using ACPI for IRQ routing
[   37.690884] NetLabel: Initializing
[   37.767540] NetLabel:  domain hash size = 128
[   37.838442] NetLabel:  protocols = UNLABELED CIPSOv4
[   37.924458] NetLabel:  unlabeled traffic allowed by default
[   38.050207] amd_nb: Cannot enumerate AMD northbridges
[   38.151475] clocksource: Switched to clocksource kvm-clock
[   38.2676Aprm: ApAmoFiesteEnle
[  3.76145pn P AI it[ 39281]npPnAC: un3 evce
[ 39555]clocoue:cppmma: ffffaxycs:0xff, x_les:085710 n
[ 404260 N: gier ptol mi 2[ 41.284904]TC etaised hh blenie: 1684order:  107bys)[ 42067314] TCP bd shab eri: 38(oer6,624 yts)
[  428200TC Hh bl cfire(eabsh 184in 184
[ 43214]DPhash ab eris:02(ode 3328 te
  4.39] P-teastae trs:102 (de 3328 yt)  5.36] T:Register ptol faly
  5.6996 p 0000:000. Litg re PI/PC traner
[ 46741]pc 00::00:ctatg A A ha wkaun
  7.233]npki itrfs.
[ 47609]Freeinginrdemy:528K[ 48147]platorrtcms:egteedlaformTCeve no PP device found
  488211Scnng orowemryorption evry 60 seconds
[   9.44] sc Rin T cckource caliraion: 29343MH
[   49.9524] loksrc: scmask 0fffffffff axcyes:0xf97332ma_ie_: 4095235960 ns

[   49.953061] audit: initializng netin ssy (sale)
[   49.953076] audit: type=2000 audit(1518669792.818:1): initialized
[   49.953300] Initialise system trusted keyring
[   49.953564] HugeTLB registered 2 MB page size, pre-allocated 0 pages
[   49.954686] zbud: loaded
[   49.954983] VFS: Disk quotas dquot_6.6.0
[   49.955008] VFS: Dquot-cache hash table entries: 512 (order 0, 4096 bytes)
[   49.955202] squashfs: version 4.0 (2009/01/31) Phillip Lougher
[   49.955471] fuse init (API version 7.23)
[   49.955578] Key type big_key registered
[   49.955599] Allocating IMA MOK and blacklist keyrings.
[   49.957139] Key type asymmetric registered
[   49.957145] Asymmetric key parser 'x509' registered
[   49.957181] Block layer SCSI generic (bsg) driver version 0.4 loaded (major 249)
[   49.957256] io scheduler noop registered
[   49.957257] io scheduler deadline registered (default)
[   49.957284] io scheduler cfq registered
[   49.957380] pci_hotplug: PCI Hot Plug PCI Core version: 0.5
[   49.957384] pciehp: PCI Express Hot Plug Controller Driver version: 0.4
[   49.957724] ACPI: AC Adapter [AC] (off-line)
[   49.957773] input: Power Button as /devices/LNXSYSTM:00/LNXPWRBN:00/input/input0
[   49.957775] ACPI: Power Button [PWRF]
[   49.957837] input: Sleep Button as /devices/LNXSYSTM:00/LNXSLPBN:00/input/input1
[   49.957838] ACPI: Sleep Button [SLPF]
[   49.958040] GHES: HEST is not enabled!
[   49.958118] Serial: 8250/16550 driver, 32 ports, IRQ sharing enabled
[   49.958892] ACPI: Battery Slot [BAT0] (battery present)
[   50.892081] 00:02: ttyS0 at I/O 0x3f8 (irq = 4, base_baud = 115200) is a 16550A
[   51.201617] Linux agpgart interface v0.103
[   51.509723] loop: module loaded
[   51.510415] scsi host0: ata_piix
[   51.510583] scsi host1: ata_piix
[   51.510619] ata1: PATA max UDMA/33 cmd 0x1f0 ctl 0x3f6 bmdma 0xd000 irq 14
[   51.510620] ata2: PATA max UDMA/33 cmd 0x170 ctl 0x376 bmdma 0xd008 irq 15
[   51.510705] libphy: Fixed MDIO Bus: probed
[   51.510707] tun: Universal TUN/TAP device driver, 1.6
[   51.510708] tun: (C) 1999-2004 Max Krasnyansky <maxk@qualcomm.com>
[   51.510740] PPP generic driver version 2.4.2
[   51.510782] ehci_hcd: USB 2.0 'Enhanced' Host Controller (EHCI) Driver
[   51.510785] ehci-pci: EHCI PCI platform driver
[   51.510798] ehci-platform: EHCI generic platform driver
[   51.510805] ohci_hcd: USB 1.1 'Open' Host Controller (OHCI) Driver
[   51.510807] ohci-pci: OHCI PCI platform driver
[   51.510813] ohci-platform: OHCI generic platform driver
[   51.510819] uhci_hcd: USB Universal Host Controller Interface driver
[   51.510867] i8042: PNP: PS/2 Controller [PNP0303:PS2K,PNP0f03:PS2M] at 0x60,0x64 irq 1,12
[   51.511559] serio: i8042 KBD port at 0x60,0x64 irq 1
[   51.511563] serio: i8042 AUX port at 0x60,0x64 irq 12
[   51.511657] mousedev: PS/2 mouse device common for all mice
[   51.511940] rtc_cmos rtc_cmos: rtc core: registered rtc_cmos as rtc0
[   51.511994] rtc_cmos rtc_cmos: alarms up to one day, 114 bytes nvram
[   51.511999] i2c /dev entries driver
[   51.512046] device-mapper: uevent: version 1.0.3
[   51.512102] device-mapper: ioctl: 4.34.0-ioctl (2015-10-28) initialised: dm-devel@redhat.com
[   51.512119] ledtrig-cpu: registered to indicate activity on CPUs
[   51.512528] NET: Registered protocol family 10
[   51.512666] input: AT Translated Set 2 keyboard as /devices/platform/i8042/serio0/input/input2
[   51.512766] NET: Registered protocol family 17
[   51.512776] Key type dns_resolver registered
[   51.513002] microcode: CPU0 sig=0x40661, pf=0x40, revision=0x0
[   51.594473] microcode: CPU1 sig=0x40661, pf=0x40, revision=0x0
[   51.594542] microcode: CPU2 sig=0x40661, pf=0x40, revision=0x0
[   51.594552] microcode: CPU3 sig=0x40661, pf=0x40, revision=0x0
[   51.594617] microcode: Microcode Update Driver: v2.01 <tigran@aivazian.fsnet.co.uk>, Peter Oruba
[   51.594793] registered taskstats version 1
[   51.594808] Loading compiled-in X.509 certificates
[   51.595557] Loaded X.509 cert 'Build time autogenerated kernel key: 4c603087bab8f0a02cb3b4e1fb4c40f507e71ef1'
[   51.595584] zswap: loaded using pool lzo/zbud
[   51.598395] Key type trusted registered
[   51.602940] Key type encrypted registered
[   51.602948] AppArmor: AppArmor sha1 policy hashing enabled
[   51.602952] ima: No TPM chip found, activating TPM-bypass!
[   51.602980] evm: HMAC attrs: 0x1
[   51.603629]   Magic number: 6:208:717
[   51.611974] rtc_cmos rtc_cmos: setting system clock to 2018-02-15 04:43:46 UTC (1518669826)
[   51.612222] BIOS EDD facility v0.16 2004-Jun-25, 0 devices found
[   51.612223] EDD information not available.
[   58.057374] Freeing unused kernel memory: 1508K
[   58.152359] Write protecting the kernel read-only data: 14336k
[   58.188894] Freeing unused kernel memory: 1728K
[   58.398345] Freeing unused kernel memory: 108K
Loading, please wait...
[   58.553580] random: systemd-udevd: uninitialized urandom read (16 bytes read, 4 bits of entropy available)
starting version[   58.554357] random: udevadm: uninitialized urandom read (16 bytes read, 4 bits of entropy available)
 229
[   58.554382] random: udevadm: uninitialized urandom read (16 bytes read, 4 bits of entropy available)
[   58.565744] random: udevadm: uninitialized urandom read (16 bytes read, 4 bits of entropy available)
[   58.565790] random: udevadm: uninitialized urandom read (16 bytes read, 4 bits of entropy available)
[   58.566190] random: udevadm: uninitialized urandom read (16 bytes read, 4 bits of entropy available)
[   58.566283] random: udevadm: uninitialized urandom read (16 bytes read, 4 bits of entropy available)
[   58.566376] random: udevadm: uninitialized urandom read (16 bytes read, 4 bits of entropy available)
[   58.566467] random: udevadm: uninitialized urandom read (16 bytes read, 4 bits of entropy available)
[   58.566555] random: udevadm: uninitialized urandom read (16 bytes read, 4 bits of entropy available)
[   61.479976] e1000: Intel(R) PRO/1000 Network Driver - version 7.3.21-k8-NAPI
[   61.513016] e1000: Copyright (c) 1999-2006 Intel Corporation.
[   61.523192] Fusion MPT base driver 3.04.20
[   61.544250] Copyright (c) 1999-2008 LSI Corporation
[   61.557142] AVX2 version of gcm_enc/dec engaged.
[   61.578798] AES CTR mode by8 optimization enabled
[   61.586514] Fusion MPT SPI Host driver 3.04.20
[   61.744754] input: ImExPS/2 Generic Explorer Mouse as /devices/platform/i8042/serio1/input/input4
[   61.915430] e1000 0000:00:03.0 eth0: (PCI:33MHz:32-bit) 02:1f:2a:60:99:e3
[   62.448781] e1000 0000:00:03.0 eth0: Intel(R) PRO/1000 Network Connection
[   63.580243] e1000 0000:00:08.0 eth1: (PCI:33MHz:32-bit) 08:00:27:88:b0:f7
[   64.574959] e1000 0000:00:08.0 eth1: Intel(R) PRO/1000 Network Connection
[   65.553482] floppy0: no floppy controllers found
[   65.820221] mptbase: ioc0: Initiating bringup
[   65.857010] e1000 0000:00:08.0 enp0s8: renamed from eth1
[   65.948168] e1000 0000:00:03.0 enp0s3: renamed from eth0
[   65.980079] ioc0: LSI53C1030 A0: Capabilities={Initiator}
[   66.142224] scsi host2: ioc0: LSI53C1030 A0, FwRev=00000000h, Ports=1, MaxQ=256, IRQ=20
[   66.439214] scsi 2:0:0:0: Direct-Access     VBOX     HARDDISK         1.0  PQ: 0 ANSI: 5
[   66.584564] scsi target2:0:0: Beginning Domain Validation
[   66.696255] scsi target2:0:0: Domain Validation skipping write tests
[   66.816402] scsi target2:0:0: Ending Domain Validation
[   66.905195] scsi target2:0:0: asynchronous
[   66.944365] scsi 2:0:1:0: Direct-Access     VBOX     HARDDISK         1.0  PQ: 0 ANSI: 5
[   67.108761] scsi target2:0:1: Beginning Domain Validation
[   67.856826] scsi target2:0:1: Domain Validation skipping write tests
[   67.917450] scsi target2:0:1: Ending Domain Validation
[   67.980559] scsi target2:0:1: asynchronous
[   68.566631] sd 2:0:0:0: [sda] 20971520 512-byte logical blocks: (10.7 GB/10.0 GiB)
[   68.566769] sd 2:0:0:0: Attached scsi generic sg0 type 0
[   68.567156] sd 2:0:1:0: [sdb] 20480 512-byte logical blocks: (10.5 MB/10.0 MiB)
[   68.567220] sd 2:0:1:0: Attached scsi generic sg1 type 0
[   68.567399] sd 2:0:1:0: [sdb] Write Protect is off
[   68.567573] sd 2:0:1:0: [sdb] Incomplete mode parameter data
[   68.567574] sd 2:0:1:0: [sdb] Assuming drive cache: write through
[   68.570572] sd 2:0:1:0: [sdb] Attached SCSI disk
[   69.004459] sd 2:0:0:0: [sda] Write Protect is off
[   69.059055] sd 2:0:0:0: [sda] Incomplete mode parameter data
[   69.117366] sd 2:0:0:0: [sda] Assuming drive cache: write through
[   69.167137]  sda: sda1
[   69.197605] sd 2:0:0:0: [sda] Attached SCSI disk
Begin: Loading e[   70.567594] md: linear personality registered for level -1
ssential drivers[   70.643367] md: multipath personality registered for level -4
 ... [   70.711237] md: raid0 personality registered for level 0
[   70.776652] md: raid1 personality registered for level 1
[   70.887682] raid6: sse2x1   gen()  9540 MB/s
[   71.055921] raid6: sse2x1   xor()  6147 MB/s
[   71.191730] raid6: sse2x2   gen() 11298 MB/s
[   71.311552] raid6: sse2x2   xor()  6809 MB/s
[   71.423805] raid6: sse2x4   gen() 11342 MB/s
[   71.539728] raid6: sse2x4   xor()  9307 MB/s
[   71.695616] raid6: avx2x1   gen() 18798 MB/s
[   71.865580] raid6: avx2x2   gen() 21819 MB/s
[   72.095648] raid6: avx2x4   gen() 22911 MB/s
[   72.238555] raid6: using algorithm avx2x4 gen() 22911 MB/s
[   72.428636] raid6: using avx2x2 recovery algorithm
[   72.494404] xor: automatically using best checksumming function:
[   72.600041]    avx       : 22435.000 MB/sec
[   72.687425] async_tx: api initialized (async)
[   72.854822] md: raid6 personality registered for level 6
[   73.058769] md: raid5 personality registered for level 5
[   73.109840] md: raid4 personality registered for level 4
[   73.138025] md: raid10 personality registered for level 10
done.
Begin: Running /scripts/init-premount ... done.
Begin: Mounti[   73.229477] Btrfs loaded
ng root file system ... Begin: Running /scripts/[   73.282753] EXT4-fs (sda1): mounted filesystem with ordered data mode. Opts: (null)
local-top ... done.
Begin: Running /scripts/local-premount ... Scanning for Btrfs filesystems
done.
Warning: fsck not present, so skipping root file system
done.
Begin: Running /scripts/local-bottom ... done.
Begin: Running /scripts/init-bottom ... done.
[   73.5479 ste[1 sstemd 9 running inysm mode. (+PAM +AUDIT +SELINUX +IMA +APPARMOR +SMCKSYVINIT +TMP +LIBCRYPTSETUP +GCRYPT +GNUS AC+X-L +CCP BLIDELUTLS+KOD-IDN
[   74.732961]sytem[1]: Detected viruazaion oracle.
[   74.9683 ste[1: Detected ahicte 6-. 
Welcome to [1mUbuntu 16.04.3 LTS[0m!

[   75.821080] stmd[1]: Set hostname to <ubuntu-enil>
[ 7640704] ysmd]:isening on VMmeda dmo socket.
[[0;32m  OK  [0m] Listening on LVM2 metadata daemon socket.
[   76.8573]syste[1 Rch tgeEnypd Vums.
[[0;32m  OK  [0m] Reached target Encrypted Volumes.
[ 77458126] systemd[1]: Listening on Journal Sckt.
[[0;32m  OK  [0m] Listening on Journal Socket.
[  77.798529] systemd[1]: Listenin on devKernel Socket.
[[0;32m  OK  [0m] Listening on udev Kernel Socket.
[  7.08005]ysmd]:isnig  /v/nitctCopabityamd ipe.
[[0;32m  OK  [0m] Listening on /dev/initctl Compatibility Named Pipe.
[   .904067 syem[1: isenngn evonoloct. [[0;32m  OK  [0m] Listening on udev Control Socket.
[   80.05286syem[1 Cat sceysm ic.
[[0;32m  OK  [0m] Created slice System Slice.
[   80.617789] systemd[1]: Mounting POSIX Message Queue File System...
         Mountin[   80.715911] random: nonblocking pool is initialized
g POSIX Message Queue File System...
[   80.952204] systemd[1]: Mounting Huge Pages File System...
         Mounting Huge Pages File System...
[ 8110694syted[]:Crated slic steseial\x2dgetyli. [[0;32m  OK  [0m] Created slice system-serial\x2dgetty.slice.
[   81.80785syemd[1] Listein on JouralAut Soke
[[0;32m  OK  [0m] Listening on Journal Audit Socket.
[ 82165] ysmd[1]: Litein on LV2 poll damosoket.
[[0;32m  OK  [0m] Listening on LVM2 poll daemon socket.
[   83.898758] systemd[1]: Starting Uncomplicated firewall...
         Starting Uncomplicated firewall...
[   83.971871] systemd[1]: Starting Nameserver information manager...
         Starting Nameserver information manager...
[   84.06018] ysmd]:Lienngn evceapr vent daemon FIFOs.
[[0;32m  OK  [0m] Listening on Device-mapper event daemon FIFOs.
[ 84.58] ysmd[1]: eahe tget Swap
[[0;32m  OK  [0m] Reached target Swap.
[   85.058011] systemd[1]: Starting Remount Root and Kernel File Systems...
[   85.062996] EXT4-fs (sda1): re-mounted. Opts: (null)
         Starting Remount Root and Kernel File Systems...
[   85.279782] systemd[1]: Starting Set console keymap...
         Starting Set console keymap...
[   85.396586] systemd[1]: Created slice User and Session Slice.
[[0;32m  OK  [0m] Created slice User and Session Slice.
[  85.540] ysmd1] Reached tage Sices.
[[0;32m  OK  [0m] Reached target Slices.
[   85.9938] syted[: tarteTrgerelvnfupteor etwokdNS
[[0;32m  OK  [0m] Started Trigger resolvconf update for networkd DNS.
[ 86892051] system[1 St  atoun AitryxeutleilFoatFi SteAumont oit.
[[0;32m  OK  [0m] Set up automount Arbitrary Executab...ats File System Automount Point.
[ 88.00186 ste[1: sting n ysogSoke. [[0;32m  OK  [0m] Listening on Syslog Socket.
[   88.795773] systemd[1]: Starting Create list of required static device nodes for the current kernel...
         Starting Create list of required st... nodes for the current kernel...
[  88.909984] systed[]: Listening on Jurnal Socket (delog).
[[0;32m  OK  [0m] Listening on Journal Socket (/dev/log).
[   89.488061] systemd[1]: Starting Journal Service...
         Starting Journal Service...
[   89.568599] systemd[1]: Starting Monitoring of LVM2 mirrors, snapshots etc. using dmeventd or progress polling...
         Starting Monitoring of LVM2 mirrors... dmeventd or progress polling...
[   89.76561]systemd[1: ard Forward Pssord Request t WllDirectoy tc
[[0;32m  OK  [0m] Started Forward Password Requests to Wall Directory Watch.
[   90.979933] systemd[1]: Starting Load Kernel Modules...
         Startin[   91.047335] Loading iSCSI transport class v2.0-870.
g Load Kernel Modules...
[   91.090191] iscsi: registered transport (tcp)
[   91.135201] systemd[1]: Reached target User and Group Name Lookups.
[[0;32m  OK  [0m] Reached target User and Group Name Lookups.
[   91.180037] iscsi: registered transport (iser)
[   91.199759] systemd[1]: Mounting Debug File System...
         Mounting Debug File System...
[   91.294479 ste[1: und Huge Pges File System.
[[0;32m  OK  [0m] Mounted Huge Pages File System.
[ 91369]ystemd[1]: Mounedebg ile Sytem.
[[0;32m  OK  [0m] Mounted Debug File System.
[   92.559]syem1]Monted OSX ssge Queile ysm. [[0;32m  OK  [0m] Mounted POSIX Message Queue File System.
[   92.944030] sytemd1]StaredJorn Svi.
[[0;32m  OK  [0m] Started Journal Service.
[[0;32m  OK  [0m] Started Uncomplicated firewall.
[[0;32m  OK  [0m] Started Remount Root and Kernel File Systems.
[[0;32m  OK  [0m] Started Set console keymap.
[[0;32m  OK  [0m] Started Create list of required sta...ce nodes for the current kernel.
[[0;32m  OK  [0m] Started Load Kernel Modules.
[[0;32m  OK  [0m] Started Nameserver information manager.
[[0;32m  OK  [0m] Started LVM2 metadata daemon.
         Starting Apply Kernel Variables...
         Mounting FUSE Control File System...
         Starting Create Static Device Nodes in /dev...
         Starting udev Coldplug all Devices...
         Starting Initial cloud-init job (pre-networking)...
         Starting Load/Save Random Seed...
         Starting Flush Journal to Persistent Storage...
[[0;32m  OK  [0m] Mounted FUSE Control File System.
[[0;32m  OK  [0m] Started Monitoring of LVM2 mirrors,...ng dmeventd or progress polling.
[[0;32m  OK  [0m] Started Apply Kernel Variables.
[[0;32m  OK  [0m] Started Create Static Device Nodes in /dev.
[[0;32m  OK  [0m] Started Load/Save Random Seed.
[[0;32m  OK  [0m] Started udev Coldplug all Devices.
[[0;32m  OK  [0m] Started Flush Journal to Persistent Storage.
         Starting udev Kernel Device Manager...
[[0;32m  OK  [0m] Started udev Kernel Device Manager.
[[0;32m  OK  [0m] Started Dispatch Password Requests to Console Directory Watch.
[[0;32m  OK  [0m] Reached target Local File Systems (Pre).
[[0;32m  OK  [0m] Reached target Local File Systems.
         Starting Create Volatile Files and Directories...
[   58.512744] cloud-init[478]: Cloud-init v. 17.1 running 'init-local' at Thu, 15 Feb 2018 04:44:30 +0000. Up 58.12 seconds.
         Starting Tell Plymouth To Write Out Runtime Data...
         Starting Set console font and keymap...
         Starting LSB: AppArmor initialization...
[[0;32m  OK  [0m] Started Create Volatile Files and Directories.
[[0;32m  OK  [0m] Started Tell Plymouth To Write Out Runtime Data.
[[0;32m  OK  [0m] Started Set console font and keymap.
[[0;32m  OK  [0m] Started Initial cloud-init job (pre-networking).
[[0;32m  OK  [0m] Found device /dev/ttyS0.
[[0;32m  OK  [0m] Listening on Load/Save RF Kill Switch Status /dev/rfkill Watch.
[[0;32m  OK  [0m] Reached target Network (Pre).
[[0;32m  OK  [0m] Created slice system-getty.slice.
         Starting Update UTMP about System Boot/Shutdown...
[[0;32m  OK  [0m] Reached target System Time Synchronized.
[[0;32m  OK  [0m] Started LSB: AppArmor initialization.
         Starting Raise network interfaces...
[[0;32m  OK  [0m] Started ifup for enp0s8.
[[0;32m  OK  [0m] Started ifup for enp0s3.
[[0;32m  OK  [0m] Started Update UTMP about System Boot/Shutdown.
[[0;32m  OK  [0m] Started Raise network interfaces.
[[0;32m  OK  [0m] Reached target Network.
         Starting Initial cloud-init job (metadata service crawler)...
[   62.725856] cloud-init[1084]: Cloud-init v. 17.1 running 'init' at Thu, 15 Feb 2018 04:44:34 +0000. Up 62.31 seconds.
[   62.792991] [cloud-init[0;32m  OK  [0m[1084]: ] ci-info: ++++++++++++++++++++++++++++++++++++++Net device info++++++++++++++++++++++++++++++++++++++Started Initial cloud-init job (metadata service crawler).

[   62.793171] cloud-init[1084]: ci-info: +--------+------+-----------------------------+---------------+-------+-------------------+
[   63.085230] [cloud-init[0;32m  OK  [0m[1084]: ] ci-info: | Device |  Up  |           Address           |      Mask     | Scope |     Hw-Address    |Reached target Cloud-config availability.

[[   63.085534] [0;32m  OK  [0mcloud-init] [1084]: Reached target Network is Online.ci-info: +--------+------+-----------------------------+---------------+-------+-------------------+

[   63.440661] cloud-init[1084]: ci-info: | enp0s3 | True |          10.0.2.15          | 255.255.255.0 |   .   | 02:1f:2a:60:99:e3 |
[   63.556406] cloud-init[1084]: ci-info: | enp0s3 | True |  fe80::1f:2aff:fe60:99e3/64 |       .       |  link | 02:1f:2a:60:99:e3 |
         Starting iSCSI initiator daemon (iscsid)...
[[0;32m  OK  [0m] Reached target System Initialization.
[[0;32m  OK  [0m] Listening on D-Bus System Message Bus Socket.
[   63.659895] cloud-init[1084]: ci-info: | enp0s8 | True |        192.168.33.59        | 255.255.255.0 |   .   | 08:00:27:88:b0:f7 |
[   64.020570] cloud-init[1084]: ci-info: | enp0s8 | True | fe80::a00:27ff:fe88:b0f7/64 |       .       |  link | 08:00:27:88:b0:f7 |
[   64.148472] cloud-init[1084]: ci-info: |   lo   | True |          127.0.0.1          |   255.0.0.0   |   .   |         .         |
[   64.273011] cloud-init[1084]: ci-info: |   lo   | True |           ::1/128           |       .       |  host |         .         |
[   64.400689] cloud-init[1084]: ci-info: +--------+------+-----------------------------+---------------+-------+-------------------+
[   64.584266] cloud-init[1084]: ci-info: ++++++++++++++++++++++++++++Route IPv4 info++++++++++++++++++++++++++++
[   64.665020] cloud-init[1084]: ci-info: +-------+--------------+----------+---------------+-----------+-------+
[[0;32m  OK  [0m] Started Daily apt download activities.
[[0;32m  OK  [0m] Started Daily apt upgrade and clean activities.
[   64.780111] cloud-init[1084]: ci-info: | Route | Destination  | Gateway  |    Genmask    | Interface | Flags |
[   65.100519] cloud-init[1084]: ci-info: +-------+--------------+----------+---------------+-----------+-------+
[   65.232843] cloud-init[1084]: ci-info: |   0   |   0.0.0.0    | 10.0.2.2 |    0.0.0.0    |   enp0s3  |   UG  |
[   65.384560] cloud-init[1084]: ci-info: |   1   |   10.0.2.0   | 0.0.0.0  | 255.255.255.0 |   enp0s3  |   U   |
[   65.481472] cloud-init[1084]: ci-info: |   2   | 192.168.33.0 | 0.0.0.0  | 255.255.255.0 |   enp0s8  |   U   |
[   65.576409] cloud-init[1084]: ci-info: +-------+--------------+----------+---------------+-----------+-------+
[[0;32m  OK  [0m] Started ACPI Events Check.
[[0;32m  OK  [0m] Reached target Paths.
[[0;32m  OK  [0m] Started Daily Cleanup of Temporary Directories.
[[0;32m  OK  [0m] Listening on ACPID Listen Socket.
         Starting LXD - unix socket.
         Starting Socket activation for snappy daemon.
[[0;32m  OK  [0m] Started Timer to automatically refresh installed snaps.
[[0;32m  OK  [0m] Listening on UUID daemon activation socket.
[[0;32m  OK  [0m] Reached target Timers.
[[0;32m  OK  [0m] Listening on LXD - unix socket.
[[0;32m  OK  [0m] Listening on Socket activation for snappy daemon.
[[0;32m  OK  [0m] Started iSCSI initiator daemon (iscsid).
         Starting Login to default iSCSI targets...
[[0;32m  OK  [0m] Reached target Sockets.
[[0;32m  OK  [0m] Reached target Basic System.
[[0;32m  OK  [0m] Started Regular background program processing daemon.
         Starting LSB: MD monitoring daemon...
         Starting LSB: Record successful boot for GRUB...
[[0;32m  OK  [0m] Started ACPI event daemon.
         Starting System Logging Service...
[[0;32m  OK  [0m] Started Unattended Upgrades Shutdown.
         Starting Snappy daemon...
[[0;32m  OK  [0m] Started FUSE filesystem for LXC.
         Starting Login Service...
         Starting OpenBSD Secure Shell server...
[[0;32m  OK  [0m] Started Deferred execution scheduler.
         Starting Accounts Service...
         Starting Apply the settings specified in cloud-config...
[[0;32m  OK  [0m] Started D-Bus System Message Bus.
         Starting LXD - container startup/shutdown...
         Starting /etc/rc.local Compatibility...
         Starting MySQL Community Server...
[[0;32m  OK  [0m] Started System Logging Service.
[[0;32m  OK  [0m] Started Snappy daemon.
[[0;32m  OK  [0m] Started OpenBSD Secure Shell server.
[[0;32m  OK  [0m] Started LXD - container startup/shutdown.
[[0;32m  OK  [0m] Started /etc/rc.local Compatibility.
[   67.516167] cloud-init[1187]: Cloud-init v. 17.1 running 'modules:config' at Thu, 15 Feb 2018 04:44:39 +0000. Up 67.36 seconds.
[[0;32m  OK  [0m] Started Login to default iSCSI targets.
[[0;32m  OK  [0m] Started Apply the settings specified in cloud-config.
[[0;32m  OK  [0m] Started LSB: MD monitoring daemon.
[[0;32m  OK  [0m] Started LSB: Record successful boot for GRUB.
[[0;32m  OK  [0m] Started Login Service.
         Starting Authenticate and Authorize Users to Run Privileged Tasks...
[[0;32m  OK  [0m] Reached target Remote File Systems (Pre).
[[0;32m  OK  [0m] Reached target Remote File Systems.
         Starting Permit User Sessions...
         Starting LSB: daemon to balance interrupts for SMP systems...
         Starting LSB: Set the CPU Frequency Scaling governor to "ondemand"...
         Starting LSB: automatic crash report generation...
         Starting LSB: VirtualBox Linux Additions...
         Starting LSB: Apache2 web server...
[[0;32m  OK  [0m] Started Permit User Sessions.
[[0;32m  OK  [0m] Started Authenticate and Authorize Users to Run Privileged Tasks.
[[0;32m  OK  [0m] Started Accounts Service.
[[0;32m  OK  [0m] Started LSB: Set the CPU Frequency Scaling governor to "ondemand".
[[0;32m  OK  [0m] Started LSB: daemon to balance interrupts for SMP systems.
[[0;32m  OK  [0m] Started LSB: automatic crash report generation.
[[0;32m  OK  [0m] Started MySQL Community Server.
[[0;32m  OK  [0m] Created slice User Slice of vagrant.
         Starting User Manager for UID 1000...
[[0;32m  OK  [0m] Started Session 1 of user vagrant.
         Starting Hold until boot process finishes up...
         Starting Terminate Plymouth Boot Screen...
[[0;32m  OK  [0m] Started User Manager for UID 1000.
[[0;32m  OK  [0m] Started LSB: VirtualBox Linux Additions.
[[0;32m  OK  [0m] Started Hold until boot process finishes up.
[[0;32m  OK  [0m] Started Terminate Plymouth Boot Screen.
         Starting Set console scheme...
[[0;32m  OK  [0m] Started Getty on tty1.
[[0;32m  OK  [0m] Started Serial Getty on ttyS0.
[[0;32m  OK  [0m] Reached target Login Prompts.
[[0;32m  OK  [0m] Started Set console scheme.
[[0;32m  OK  [0m] Started LSB: Apache2 web server.
[[0;32m  OK  [0m] Reached target Multi-User System.
         Starting Execute cloud user/final scripts...
[[0;32m  OK  [0m] Reached target Graphical Interface.
         Starting Update UTMP about System Runlevel Changes...
[[0;32m  OK  [0m] Started Update UTMP about System Runlevel Changes.
[   70.554545] cloud-init[1466]: Cloud-init v. 17.1 running 'modules:final' at Thu, 15 Feb 2018 04:44:42 +0000. Up 70.40 seconds.
[   70.612585] [cloud-init[0;32m  OK  [0m[1466]: ] Cloud-init v. 17.1 finished at Thu, 15 Feb 2018 04:44:42 +0000. Datasource DataSourceNoCloud [seed=/dev/sdb][dsmode=net].  Up 70.54 secondsStarted Execute cloud user/final scripts.

[[0;32m  OK  [0m] Reached target Cloud-init targgt.

Ubuntu 16.04.3 LTS ubuntu-xenial ttyS0

ubuntu-xenial login: 